/var/www/html/app/tmp/cache/views/public/34_196_191_91/_cities_index_city__is_request_0_requested_en.gz
/var/www/html/app/tmp/cache/views/public/34_196_191_91/_cities_index_city__is_request_0_requested_pjax_en.gz
/var/www/html/app/tmp/cache/views/public/34_196_191_91/_cities_index_city__is_request_0_requested_en.gz
/var/www/html/app/tmp/cache/views/public/34_196_191_91/_cities_index_city__is_request_0_requested_en.gz
/var/www/html/app/tmp/cache/views/public/burrow_scopicdev_com/_cities_index_city__is_request_0_requested_pjax_en.gz
/var/www/html/app/tmp/cache/views/public/burrow_scopicdev_com/_cities_index_city__is_request_0_requested_en.gz
/var/www/html/app/tmp/cache/views/public/34_196_191_91/_cities_index_city__is_request_0_requested_en.gz
/var/www/html/app/tmp/cache/views/public/34_196_191_91/_cities_index_city__is_request_0_requested_en.gz
/var/www/html/app/tmp/cache/views/public/34_196_191_91/_cities_index_city__is_request_0_requested_en.gz
/var/www/html/app/tmp/cache/views/public/34_196_191_91:80/_cities_index_city__is_request_0_requested_en.gz
/var/www/html/app/tmp/cache/views/public/34_196_191_91:80/_cities_index_city__is_request_0_requested_en.gz
/var/www/html/app/tmp/cache/views/public/34_196_191_91:80/_cities_index_city__is_request_0_requested_en.gz
/var/www/html/app/tmp/cache/views/public/34_196_191_91:80/_cities_index_city__is_request_0_requested_en.gz
/var/www/html/app/tmp/cache/views/public/burrow_scopicdev_com/_cities_index_city__is_request_0_requested_en.gz
/var/www/html/app/tmp/cache/views/public/34_196_191_91:80/_cities_index_city__is_request_0_requested_en.gz
/var/www/html/app/tmp/cache/views/public/34_196_191_91/_cities_index_city__is_request_0_requested_en.gz
/var/www/html/app/tmp/cache/views/public/34_196_191_91:80/_cities_index_city__is_request_0_requested_en.gz
/var/www/html/app/tmp/cache/views/public/34_196_191_91/_cities_index_city__is_request_0_requested_en.gz
/var/www/html/app/tmp/cache/views/public/34_196_191_91:80/_cities_index_city__is_request_0_requested_en.gz
/var/www/html/app/tmp/cache/views/public/34_196_191_91/_cities_index_city__is_request_0_requested_en.gz
/var/www/html/app/tmp/cache/views/public/34_196_191_91/_cities_index_city__is_request_0_requested_en.gz
/var/www/html/app/tmp/cache/views/public/34_196_191_91/_cities_index_city__is_request_0_requested_en.gz
/var/www/html/app/tmp/cache/views/public/burrow_scopicdev_com/_cities_index_city__is_request_0_requested_en.gz
/var/www/html/app/tmp/cache/views/public/34_196_191_91:80/_cities_index_city__is_request_0_requested_en.gz
/var/www/html/app/tmp/cache/views/public/34_196_191_91:443/_cities_index_city__is_request_0_requested_en.gz
/var/www/html/app/tmp/cache/views/public/34_196_191_91:80/_cities_index_city__is_request_0_requested_en.gz
/var/www/html/app/tmp/cache/views/public/34_196_191_91:80/_cities_index_city__is_request_0_requested_en.gz
/var/www/html/app/tmp/cache/views/public/34_196_191_91:80/_cities_index_city__is_request_0_requested_en.gz
/var/www/html/app/tmp/cache/views/public/34_196_191_91/_cities_index_city__is_request_0_requested_en.gz
/var/www/html/app/tmp/cache/views/public/34_196_191_91/_cities_index_city__is_request_0_requested_en.gz
/var/www/html/app/tmp/cache/views/public/34_196_191_91/_cities_index_city__is_request_0_requested_en.gz
/var/www/html/app/tmp/cache/views/public/burrow_scopicdev_com/_cities_index_city__is_request_0_requested_pjax_en.gz
/var/www/html/app/tmp/cache/views/public/localhost/_cities_index_city__is_request_0_requested_en.gz
/var/www/html/app/tmp/cache/views/public/burrow_scopicdev_com/_cities_index_city__is_request_0_requested_pjax_en.gz
/var/www/html/app/tmp/cache/views/public/34_196_191_91/_cities_index_city__is_request_0_requested_pjax_en.gz
/var/www/html/app/tmp/cache/views/public/34_196_191_91:80/_cities_index_city__is_request_0_requested_en.gz
/var/www/html/app/tmp/cache/views/public/34_196_191_91:80/_cities_index_city__is_request_0_requested_en.gz
/var/www/html/app/tmp/cache/views/public/34_196_191_91:80/_cities_index_city__is_request_0_requested_en.gz
/var/www/html/app/tmp/cache/views/public/34_196_191_91/_cities_index_city__is_request_0_requested_en.gz
/var/www/html/app/tmp/cache/views/public/34_196_191_91/_cities_index_city__is_request_0_requested_en.gz
/var/www/html/app/tmp/cache/views/public/34_196_191_91/_cities_index_city__is_request_0_requested_en.gz
/var/www/html/app/tmp/cache/views/public/34_196_191_91/_cities_index_city__is_request_0_requested_en.gz
/var/www/html/app/tmp/cache/views/public/34_196_191_91/_cities_index_city__is_request_0_requested_pjax_en.gz
/var/www/html/app/tmp/cache/views/public/34_196_191_91/_cities_index_city__is_request_0_requested_pjax_en.gz
/var/www/html/app/tmp/cache/views/public/34_196_191_91/_cities_index_city__is_request_0_requested_en.gz
/var/www/html/app/tmp/cache/views/public/34_196_191_91/_cities_index_city__is_request_0_requested_pjax_en.gz
/var/www/html/app/tmp/cache/views/public/34_196_191_91/_cities_index_city__is_request_0_requested_en.gz
/var/www/html/app/tmp/cache/views/public/34_196_191_91/_cities_index_city__is_request_0_requested_en.gz
