/var/www/html/app/tmp/cache/views/public/burrow_scopicdev_com/__en.gz
/var/www/html/app/tmp/cache/views/public/burrow_scopicdev_com/_install_requirements_en.gz
/var/www/html/app/tmp/cache/views/public/burrow_scopicdev_com/_install_requirements_en.gz
/var/www/html/app/tmp/cache/views/public/burrow_scopicdev_com/_install_requirements_en.gz
/var/www/html/app/tmp/cache/views/public/burrow_scopicdev_com/_install_requirements_en.gz
/var/www/html/app/tmp/cache/views/public/burrow_scopicdev_com/_install_requirements_en.gz
/var/www/html/app/tmp/cache/views/public/burrow_scopicdev_com/_install_permissions_en.gz
/var/www/html/app/tmp/cache/views/public/burrow_scopicdev_com/_install_license_en.gz
/var/www/html/app/tmp/cache/views/public/burrow_scopicdev_com/_install_database_en.gz
/var/www/html/app/tmp/cache/views/public/burrow_scopicdev_com/_install_database_en.gz
/var/www/html/app/tmp/cache/views/public/burrow_scopicdev_com/_install_database_en.gz
/var/www/html/app/tmp/cache/views/public/burrow_scopicdev_com/_install_database_en.gz
/var/www/html/app/tmp/cache/views/public/burrow_scopicdev_com/_install_database_en.gz
/var/www/html/app/tmp/cache/views/public/burrow_scopicdev_com/_install_database_en.gz
/var/www/html/app/tmp/cache/views/public/burrow_scopicdev_com/_install_database_en.gz
/var/www/html/app/tmp/cache/views/public/burrow_scopicdev_com/_install_database_en.gz
/var/www/html/app/tmp/cache/views/public/burrow_scopicdev_com/_install_database_en.gz
/var/www/html/app/tmp/cache/views/public/burrow_scopicdev_com/_install_license_en.gz
/var/www/html/app/tmp/cache/views/public/burrow_scopicdev_com/_install_permissions_en.gz
/var/www/html/app/tmp/cache/views/public/burrow_scopicdev_com/_install_requirements_en.gz
/var/www/html/app/tmp/cache/views/public/burrow_scopicdev_com/__en.gz
/var/www/html/app/tmp/cache/views/public/34_196_191_91/__en.gz
/var/www/html/app/tmp/cache/views/public/34_196_191_91/_install_requirements_en.gz
/var/www/html/app/tmp/cache/views/public/34_196_191_91/_install_permissions_en.gz
/var/www/html/app/tmp/cache/views/public/34_196_191_91/_install_license_en.gz
/var/www/html/app/tmp/cache/views/public/34_196_191_91/_install_database_en.gz
/var/www/html/app/tmp/cache/views/public/34_196_191_91/_install_database_en.gz
/var/www/html/app/tmp/cache/views/public/34_196_191_91/_install_database_en.gz
/var/www/html/app/tmp/cache/views/public/34_196_191_91/_install_database_en.gz
/var/www/html/app/tmp/cache/views/public/34_196_191_91/_install_database_en.gz
/var/www/html/app/tmp/cache/views/public/34_196_191_91/_install_database_en.gz
/var/www/html/app/tmp/cache/views/public/34_196_191_91/_install_database_en.gz
/var/www/html/app/tmp/cache/views/public/34_196_191_91/__en.gz
/var/www/html/app/tmp/cache/views/public/34_196_191_91/_install_database_en.gz
/var/www/html/app/tmp/cache/views/public/34_196_191_91/_install_database_en.gz
/var/www/html/app/tmp/cache/views/public/34_196_191_91/_install_configuration_en.gz
/var/www/html/app/tmp/cache/views/public/34_196_191_91/_install_finish_en.gz
