/var/www/html/app/tmp/cache/views/public/34_196_191_91:80/_properties_popular_properties_requested_en.gz
/var/www/html/app/tmp/cache/views/public/34_196_191_91:80/__en.gz
/var/www/html/app/tmp/cache/views/public/34_196_191_91/_properties_popular_properties_requested_en.gz
/var/www/html/app/tmp/cache/views/public/34_196_191_91/__en.gz
/var/www/html/app/tmp/cache/views/public/34_196_191_91:80/_properties_popular_properties_requested_en.gz
/var/www/html/app/tmp/cache/views/public/34_196_191_91:80/__en.gz
/var/www/html/app/tmp/cache/views/public/34_196_191_91/_properties_popular_properties_requested_en.gz
/var/www/html/app/tmp/cache/views/public/34_196_191_91/__en.gz
/var/www/html/app/tmp/cache/views/public/34_196_191_91/_properties_popular_properties_requested_en.gz
/var/www/html/app/tmp/cache/views/public/34_196_191_91/__en.gz
/var/www/html/app/tmp/cache/views/public/34_196_191_91/_properties_popular_properties_requested_en.gz
/var/www/html/app/tmp/cache/views/public/34_196_191_91/__en.gz
/var/www/html/app/tmp/cache/views/public/burrow_scopicdev_com/_properties_popular_properties_requested_en.gz
/var/www/html/app/tmp/cache/views/public/burrow_scopicdev_com/__en.gz
/var/www/html/app/tmp/cache/views/public/34_196_191_91:80/_properties_popular_properties_requested_en.gz
/var/www/html/app/tmp/cache/views/public/34_196_191_91:80/__en.gz
/var/www/html/app/tmp/cache/views/public/34_196_191_91:443/_properties_popular_properties_requested_en.gz
/var/www/html/app/tmp/cache/views/public/34_196_191_91:443/__en.gz
/var/www/html/app/tmp/cache/views/public/34_196_191_91:80/_properties_popular_properties_requested_en.gz
/var/www/html/app/tmp/cache/views/public/34_196_191_91:80/_properties_popular_properties_requested_en.gz
/var/www/html/app/tmp/cache/views/public/34_196_191_91:80/__en.gz
/var/www/html/app/tmp/cache/views/public/34_196_191_91:80/__en.gz
/var/www/html/app/tmp/cache/views/public/34_196_191_91:80/_properties_popular_properties_requested_en.gz
/var/www/html/app/tmp/cache/views/public/34_196_191_91:80/__en.gz
/var/www/html/app/tmp/cache/views/public/34_196_191_91/_properties_popular_properties_requested_en.gz
/var/www/html/app/tmp/cache/views/public/34_196_191_91/__en.gz
/var/www/html/app/tmp/cache/views/public/34_196_191_91/_properties_popular_properties_requested_en.gz
/var/www/html/app/tmp/cache/views/public/34_196_191_91/__en.gz
/var/www/html/app/tmp/cache/views/public/34_196_191_91/_properties_popular_properties_requested_en.gz
/var/www/html/app/tmp/cache/views/public/34_196_191_91/__en.gz
/var/www/html/app/tmp/cache/views/public/burrow_scopicdev_com/_properties_popular_properties_requested_pjax_en.gz
/var/www/html/app/tmp/cache/views/public/burrow_scopicdev_com/__pjax_en.gz
